
> secure-data-structure-exam-portal@0.0.0 build
> vite build

[36mvite v8.0.0 [32mbuilding client environment for production...[36m[39m
[2K
node.exe : Found 1 
warning while 
optimizing generated 
CSS:
At line:1 char:1
+ & "C:\Program Files
\nodejs/node.exe" "C:
\Users\masth\AppData\
Roaming\ ...
+ ~~~~~~~~~~~~~~~~~~~
~~~~~~~~~~~~~~~~~~~~~
~~~~~~~~~~~~~~~~~~~~~
~~~~~~~~
    + CategoryInfo   
           : NotSpe  
  cified: (Found 1   
  warning... gene    
rated CSS::Strin    
g) [], RemoteExc    
eption
    + FullyQualified 
   ErrorId : Native  
  CommandError
 

[2mΓöé   }[22m
[2mΓöé }[22m
[2mΓöé[22m @import 
url('https://fonts.go
ogleapis.com/css2?fam
ily=Inter:wght@300;40
0;500;600;700;800&dis
play=swap');
[2mΓöå[22m        
[33m[2m^--[22m 
@import rules must 
precede all rules 
aside from @charset 
and @layer 
statements[39m
[2mΓöå[22m
[2mΓöé @layer base 
{[22m
[2mΓöé   body {[22m

transforming...Γ£ô 1779 modules transformed.
rendering chunks...
[31mΓ£ù[39m Build 
failed in 752ms
[31merror during 
build:
[31mBuild failed 
with 1 error:

[31m[MISSING_EXPORT]
 Error:[0m "clsx" 
is not exported by 
"src/utils/clsx.js".
    [38;5;246mΓò¡[0
m[38;5;246mΓöÇ[0m[
38;5;246m[[0m src/pa
ges/student/Exam.jsx:
12:10 
[38;5;246m][0m
    
[38;5;246mΓöé[0m
 [38;5;246m12 
Γöé[0m [38;5;249mi
[0m[38;5;249mm[0m[
38;5;249mp[0m[38;5;
249mo[0m[38;5;249mr
[0m[38;5;249mt[0m
[38;5;249m [0m[38;5
;249m{[0m[38;5;249m
 [0mclsx[38;5;249m 
[0m[38;5;249m}[0m
[38;5;249m [0m[38;5
;249mf[0m[38;5;249m
r[0m[38;5;249mo[0m
[38;5;249mm[0m[38;
5;249m [0m[38;5;249
m"[0m[38;5;249m.[0
m[38;5;249m.[0m[38
;5;249m/[0m[38;5;24
9m.[0m[38;5;249m.[
0m[38;5;249m/[0m[3
8;5;249mu[0m[38;5;2
49mt[0m[38;5;249mi
[0m[38;5;249ml[0m[
38;5;249ms[0m[38;5;
249m/[0m[38;5;249mc
[0m[38;5;249ml[0m
[38;5;249ms[0m[38;5
;249mx[0m[38;5;249m
"[0m[38;5;249m;[0m
 [38;5;240m   
Γöé[0m          
ΓöÇΓöÇΓö¼ΓöÇ  
 [38;5;240m   
Γöé[0m            
Γò░ΓöÇΓöÇΓöÇ Missing 
export
[38;5;246mΓöÇΓöÇΓöÇΓ
öÇΓò»[0m
[31m
    at aggregateBindi
ngErrorsIntoJsError (
file:///C:/Users/mast
h/Secure%20Data%20Str
ucture%20Exam%20Porta
l/node_modules/rolldo
wn/dist/shared/error-
CP8smW_P.mjs:48:18)
    at 
unwrapBindingResult (
file:///C:/Users/mast
h/Secure%20Data%20Str
ucture%20Exam%20Porta
l/node_modules/rolldo
wn/dist/shared/error-
CP8smW_P.mjs:18:128)
    at #build (file:/
//C:/Users/masth/Secu
re%20Data%20Structure
%20Exam%20Portal/node
_modules/rolldown/dis
t/shared/rolldown-bui
ld-4YnQkA76.mjs:3311:
34)
    at async 
buildEnvironment (fil
e:///C:/Users/masth/S
ecure%20Data%20Struct
ure%20Exam%20Portal/n
ode_modules/vite/dist
/node/chunks/node.js:
32794:64)
    at async 
Object.build (file://
/C:/Users/masth/Secur
e%20Data%20Structure%
20Exam%20Portal/node_
modules/vite/dist/nod
e/chunks/node.js:3321
6:19)
    at async 
Object.buildApp (file
:///C:/Users/masth/Se
cure%20Data%20Structu
re%20Exam%20Portal/no
de_modules/vite/dist/
node/chunks/node.js:3
3213:153)
    at async 
CAC.<anonymous> (file
:///C:/Users/masth/Se
cure%20Data%20Structu
re%20Exam%20Portal/no
de_modules/vite/dist/
node/cli.js:778:3) {
  errors: 
[Getter/Setter]
}[39m
